// Jest Snapshot v1, https://goo.gl/fbAQLP

exports[`Home tests should render Home compponent 1`] = `
Object {
  "asFragment": [Function],
  "baseElement": <body>
    <div>
      <section
        class="homeCallout"
      >
        <div
          class="africaImageDiv"
        >
          <img
            alt="Map of Africa"
            class="africaImage"
            src="africa.png"
          />
        </div>
        <div
          class="innercontent"
        >
          <h1>
            Africa Vaccine Stats
          </h1>
          <p>
            Total Vaccines Administed:
             
            0
          </p>
          <p>
            Fully Vaccinated Individuals:
             
            0
          </p>
          <p>
            Partially Vaccinated Individuals:
             
            0
          </p>
        </div>
      </section>
      <section
        class="dataSection"
      >
        <h2
          class="dataSectionHeader"
        >
          Africa COVID Vaccine Data
        </h2>
        <div
          class="inputDiv"
        >
          <label
            class="field field_v1"
            for="Search"
          >
            <input
              class="field__input field__inputs"
              name="search"
              placeholder="e.g. Kenya"
              type="text"
              value=""
            />
            <span
              class="field__label-wrap"
            >
              <span
                class="field__label"
              >
                Search Country
              </span>
            </span>
          </label>
        </div>
        <div
          class="homeContent"
        >
          <div
            class="countryWrapper"
          />
        </div>
      </section>
      ,
    </div>
  </body>,
  "container": <div>
    <section
      class="homeCallout"
    >
      <div
        class="africaImageDiv"
      >
        <img
          alt="Map of Africa"
          class="africaImage"
          src="africa.png"
        />
      </div>
      <div
        class="innercontent"
      >
        <h1>
          Africa Vaccine Stats
        </h1>
        <p>
          Total Vaccines Administed:
           
          0
        </p>
        <p>
          Fully Vaccinated Individuals:
           
          0
        </p>
        <p>
          Partially Vaccinated Individuals:
           
          0
        </p>
      </div>
    </section>
    <section
      class="dataSection"
    >
      <h2
        class="dataSectionHeader"
      >
        Africa COVID Vaccine Data
      </h2>
      <div
        class="inputDiv"
      >
        <label
          class="field field_v1"
          for="Search"
        >
          <input
            class="field__input field__inputs"
            name="search"
            placeholder="e.g. Kenya"
            type="text"
            value=""
          />
          <span
            class="field__label-wrap"
          >
            <span
              class="field__label"
            >
              Search Country
            </span>
          </span>
        </label>
      </div>
      <div
        class="homeContent"
      >
        <div
          class="countryWrapper"
        />
      </div>
    </section>
    ,
  </div>,
  "debug": [Function],
  "findAllByAltText": [Function],
  "findAllByDisplayValue": [Function],
  "findAllByLabelText": [Function],
  "findAllByPlaceholderText": [Function],
  "findAllByRole": [Function],
  "findAllByTestId": [Function],
  "findAllByText": [Function],
  "findAllByTitle": [Function],
  "findByAltText": [Function],
  "findByDisplayValue": [Function],
  "findByLabelText": [Function],
  "findByPlaceholderText": [Function],
  "findByRole": [Function],
  "findByTestId": [Function],
  "findByText": [Function],
  "findByTitle": [Function],
  "getAllByAltText": [Function],
  "getAllByDisplayValue": [Function],
  "getAllByLabelText": [Function],
  "getAllByPlaceholderText": [Function],
  "getAllByRole": [Function],
  "getAllByTestId": [Function],
  "getAllByText": [Function],
  "getAllByTitle": [Function],
  "getByAltText": [Function],
  "getByDisplayValue": [Function],
  "getByLabelText": [Function],
  "getByPlaceholderText": [Function],
  "getByRole": [Function],
  "getByTestId": [Function],
  "getByText": [Function],
  "getByTitle": [Function],
  "queryAllByAltText": [Function],
  "queryAllByDisplayValue": [Function],
  "queryAllByLabelText": [Function],
  "queryAllByPlaceholderText": [Function],
  "queryAllByRole": [Function],
  "queryAllByTestId": [Function],
  "queryAllByText": [Function],
  "queryAllByTitle": [Function],
  "queryByAltText": [Function],
  "queryByDisplayValue": [Function],
  "queryByLabelText": [Function],
  "queryByPlaceholderText": [Function],
  "queryByRole": [Function],
  "queryByTestId": [Function],
  "queryByText": [Function],
  "queryByTitle": [Function],
  "rerender": [Function],
  "unmount": [Function],
}
`;
