// Jest Snapshot v1, https://goo.gl/fbAQLP

exports[`Test presence of Navbar should render Navbar component 1`] = `null`;
